2026-07-27 16:39:06,859 - main - INFO - === Logging system initialized ===
2026-07-27 16:39:06,859 - main - INFO - Log file: logs/app_20260727_163906.log
2026-07-27 16:39:06,859 - main - INFO - Log level: INFO
2026-07-27 16:39:06,859 - main - INFO - Timestamp: 20260727_163906
2026-07-27 16:39:06,981 - main - INFO - Included router: routers.activity_logs.router
2026-07-27 16:39:07,006 - main - INFO - Included router: routers.admin_users.router
2026-07-27 16:39:08,412 - main - INFO - Included router: routers.aihub.router
2026-07-27 16:39:08,420 - main - INFO - Included router: routers.auth.router
2026-07-27 16:39:08,453 - main - INFO - Included router: routers.chat_messages.router
2026-07-27 16:39:08,466 - main - INFO - Included router: routers.client_register.router
2026-07-27 16:39:08,498 - main - INFO - Included router: routers.client_subscriptions.router
2026-07-27 16:39:08,525 - main - INFO - Included router: routers.clients.router
2026-07-27 16:39:08,539 - main - INFO - Included router: routers.coupon_analytics.router
2026-07-27 16:39:08,569 - main - INFO - Included router: routers.coupon_usages.router
2026-07-27 16:39:08,729 - main - INFO - Included router: routers.coupons.router
2026-07-27 16:39:08,760 - main - INFO - Included router: routers.customers.router
2026-07-27 16:39:08,781 - main - INFO - Included router: routers.email_notifications.router
2026-07-27 16:39:08,806 - main - INFO - Included router: routers.email_settings.router
2026-07-27 16:39:08,834 - main - INFO - Included router: routers.gateway_audit_logs.router
2026-07-27 16:39:08,841 - main - INFO - Included router: routers.gateway_test.router
2026-07-27 16:39:08,842 - main - INFO - Included router: routers.health.router
2026-07-27 16:39:08,869 - main - INFO - Included router: routers.invoices.router
2026-07-27 16:39:08,886 - main - INFO - Included router: routers.moyasar_payment.router
2026-07-27 16:39:08,910 - main - INFO - Included router: routers.notifications.router
2026-07-27 16:39:08,933 - main - INFO - Included router: routers.ocr.router
2026-07-27 16:39:08,964 - main - INFO - Included router: routers.packages.router
2026-07-27 16:39:08,969 - main - INFO - Included router: routers.packages_public.router
2026-07-27 16:39:09,005 - main - INFO - Included router: routers.payment_gateway_settings.router
2026-07-27 16:39:09,089 - main - INFO - Included router: routers.payment_transactions.router
2026-07-27 16:39:09,128 - main - INFO - Included router: routers.plans.router
2026-07-27 16:39:09,150 - routers.salmo - INFO - Loaded labor law KB: 279578 chars
2026-07-27 16:39:09,154 - routers.salmo - INFO - Loaded law articles index: 189 articles
2026-07-27 16:39:09,155 - routers.salmo - INFO - Loaded company policy index: 73 articles (total index now 262)
2026-07-27 16:39:09,170 - main - INFO - Included router: routers.salmo.router
2026-07-27 16:39:09,183 - main - INFO - Included router: routers.settings.router
2026-07-27 16:39:09,211 - main - INFO - Included router: routers.site_users.router
2026-07-27 16:39:09,236 - main - INFO - Included router: routers.storage.router
2026-07-27 16:39:09,265 - main - INFO - Included router: routers.subscriptions.router
2026-07-27 16:39:09,291 - main - INFO - Included router: routers.ticket_messages.router
2026-07-27 16:39:09,810 - main - INFO - Included router: routers.tickets.router
2026-07-27 16:39:09,828 - main - INFO - Included router: routers.user.router
2026-07-27 16:39:09,855 - main - INFO - Included router: routers.user_daily_quota.router
2026-07-27 16:39:09,892 - main - INFO - Included router: routers.user_subscriptions.router
2026-07-27 16:39:09,923 - main - INFO - Included router: routers.webhook_events.router
2026-07-27 16:39:09,924 - main - INFO - === Application startup initiated ===
2026-07-27 16:39:09,925 - services.database - INFO - Ignore creating tables
2026-07-27 16:39:09,925 - services.mock_data - INFO - Ignore initialize data
2026-07-27 16:39:09,925 - services.auth - INFO - Ignore initialize admin
2026-07-27 16:39:09,925 - main - INFO - === Application startup completed successfully ===
2026-07-27 16:40:05,886 - services.database - INFO - Database connections closed
