2026-07-22 06:25:12,620 - main - INFO - === Logging system initialized ===
2026-07-22 06:25:12,620 - main - INFO - Log file: logs/app_20260722_062512.log
2026-07-22 06:25:12,620 - main - INFO - Log level: INFO
2026-07-22 06:25:12,620 - main - INFO - Timestamp: 20260722_062512
2026-07-22 06:25:13,904 - main - INFO - Included router: routers.activity_logs.router
2026-07-22 06:25:14,220 - main - INFO - Included router: routers.admin_users.router
2026-07-22 06:25:35,364 - main - INFO - Included router: routers.aihub.router
2026-07-22 06:25:35,404 - main - INFO - Included router: routers.auth.router
2026-07-22 06:25:35,514 - main - INFO - Included router: routers.chat_messages.router
2026-07-22 06:25:35,737 - main - INFO - Included router: routers.client_register.router
2026-07-22 06:25:35,852 - main - INFO - Included router: routers.client_subscriptions.router
2026-07-22 06:25:35,992 - main - INFO - Included router: routers.clients.router
2026-07-22 06:25:36,156 - main - INFO - Included router: routers.coupon_analytics.router
2026-07-22 06:25:36,268 - main - INFO - Included router: routers.coupon_usages.router
2026-07-22 06:25:36,592 - main - INFO - Included router: routers.coupons.router
2026-07-22 06:25:37,101 - main - INFO - Included router: routers.customers.router
2026-07-22 06:25:37,212 - main - INFO - Included router: routers.email_notifications.router
2026-07-22 06:25:37,322 - main - INFO - Included router: routers.email_settings.router
2026-07-22 06:25:37,421 - main - INFO - Included router: routers.gateway_audit_logs.router
2026-07-22 06:25:37,491 - main - INFO - Included router: routers.gateway_test.router
2026-07-22 06:25:37,516 - main - INFO - Included router: routers.health.router
2026-07-22 06:25:37,613 - main - INFO - Included router: routers.invoices.router
2026-07-22 06:25:37,774 - main - INFO - Included router: routers.moyasar_payment.router
2026-07-22 06:25:37,887 - main - INFO - Included router: routers.notifications.router
2026-07-22 06:25:38,100 - main - INFO - Included router: routers.ocr.router
2026-07-22 06:25:38,238 - main - INFO - Included router: routers.packages.router
2026-07-22 06:25:38,271 - main - INFO - Included router: routers.packages_public.router
2026-07-22 06:25:38,358 - main - INFO - Included router: routers.payment_gateway_settings.router
2026-07-22 06:25:38,494 - main - INFO - Included router: routers.payment_transactions.router
2026-07-22 06:25:38,768 - main - INFO - Included router: routers.plans.router
2026-07-22 06:25:38,916 - routers.salmo - INFO - Loaded labor law KB: 279578 chars
2026-07-22 06:25:38,947 - routers.salmo - INFO - Loaded law articles index: 189 articles
2026-07-22 06:25:38,974 - routers.salmo - INFO - Loaded company policy index: 73 articles (total index now 262)
2026-07-22 06:25:38,999 - main - INFO - Included router: routers.salmo.router
2026-07-22 06:25:39,084 - main - INFO - Included router: routers.settings.router
2026-07-22 06:25:39,145 - main - INFO - Included router: routers.site_users.router
2026-07-22 06:25:39,274 - main - INFO - Included router: routers.storage.router
2026-07-22 06:25:39,368 - main - INFO - Included router: routers.subscriptions.router
2026-07-22 06:25:39,454 - main - INFO - Included router: routers.ticket_messages.router
2026-07-22 06:25:39,574 - main - INFO - Included router: routers.tickets.router
2026-07-22 06:25:39,641 - main - INFO - Included router: routers.user.router
2026-07-22 06:25:39,743 - main - INFO - Included router: routers.user_daily_quota.router
2026-07-22 06:25:39,907 - main - INFO - Included router: routers.user_subscriptions.router
2026-07-22 06:25:40,023 - main - INFO - Included router: routers.webhook_events.router
2026-07-22 06:25:40,024 - main - INFO - === Application startup initiated ===
2026-07-22 06:25:40,025 - services.database - INFO - Ignore creating tables
2026-07-22 06:25:40,025 - services.mock_data - INFO - Ignore initialize data
2026-07-22 06:25:40,025 - services.auth - INFO - Ignore initialize admin
2026-07-22 06:25:40,025 - main - INFO - === Application startup completed successfully ===
2026-07-22 06:40:44,460 - services.database - INFO - Database connections closed
