2026-07-27 16:29:23,192 - main - INFO - === Logging system initialized ===
2026-07-27 16:29:23,192 - main - INFO - Log file: logs/app_20260727_162923.log
2026-07-27 16:29:23,193 - main - INFO - Log level: INFO
2026-07-27 16:29:23,193 - main - INFO - Timestamp: 20260727_162923
2026-07-27 16:29:25,150 - main - INFO - Included router: routers.activity_logs.router
2026-07-27 16:29:25,689 - main - INFO - Included router: routers.admin_users.router
2026-07-27 16:30:04,741 - main - INFO - Included router: routers.aihub.router
2026-07-27 16:30:04,830 - main - INFO - Included router: routers.auth.router
2026-07-27 16:30:04,962 - main - INFO - Included router: routers.chat_messages.router
2026-07-27 16:30:05,151 - main - INFO - Included router: routers.client_register.router
2026-07-27 16:30:05,264 - main - INFO - Included router: routers.client_subscriptions.router
2026-07-27 16:30:05,441 - main - INFO - Included router: routers.clients.router
2026-07-27 16:30:06,023 - main - INFO - Included router: routers.coupon_analytics.router
2026-07-27 16:30:06,559 - main - INFO - Included router: routers.coupon_usages.router
2026-07-27 16:30:06,857 - main - INFO - Included router: routers.coupons.router
2026-07-27 16:30:07,087 - main - INFO - Included router: routers.customers.router
2026-07-27 16:30:07,158 - main - INFO - Included router: routers.email_notifications.router
2026-07-27 16:30:07,275 - main - INFO - Included router: routers.email_settings.router
2026-07-27 16:30:07,513 - main - INFO - Included router: routers.gateway_audit_logs.router
2026-07-27 16:30:07,667 - main - INFO - Included router: routers.gateway_test.router
2026-07-27 16:30:07,698 - main - INFO - Included router: routers.health.router
2026-07-27 16:30:07,831 - main - INFO - Included router: routers.invoices.router
2026-07-27 16:30:07,964 - main - INFO - Included router: routers.moyasar_payment.router
2026-07-27 16:30:08,109 - main - INFO - Included router: routers.notifications.router
2026-07-27 16:30:08,463 - main - INFO - Included router: routers.ocr.router
2026-07-27 16:30:08,744 - main - INFO - Included router: routers.packages.router
2026-07-27 16:30:08,796 - main - INFO - Included router: routers.packages_public.router
2026-07-27 16:30:08,910 - main - INFO - Included router: routers.payment_gateway_settings.router
2026-07-27 16:30:09,037 - main - INFO - Included router: routers.payment_transactions.router
2026-07-27 16:30:09,274 - main - INFO - Included router: routers.plans.router
2026-07-27 16:30:09,540 - routers.salmo - INFO - Loaded labor law KB: 279578 chars
2026-07-27 16:30:09,793 - routers.salmo - INFO - Loaded law articles index: 189 articles
2026-07-27 16:30:10,071 - routers.salmo - INFO - Loaded company policy index: 73 articles (total index now 262)
2026-07-27 16:30:10,085 - main - INFO - Included router: routers.salmo.router
2026-07-27 16:30:10,215 - main - INFO - Included router: routers.settings.router
2026-07-27 16:30:10,302 - main - INFO - Included router: routers.site_users.router
2026-07-27 16:30:10,413 - main - INFO - Included router: routers.storage.router
2026-07-27 16:30:10,551 - main - INFO - Included router: routers.subscriptions.router
2026-07-27 16:30:10,683 - main - INFO - Included router: routers.ticket_messages.router
2026-07-27 16:30:10,991 - main - INFO - Included router: routers.tickets.router
2026-07-27 16:30:11,312 - main - INFO - Included router: routers.user.router
2026-07-27 16:30:11,592 - main - INFO - Included router: routers.user_daily_quota.router
2026-07-27 16:30:11,721 - main - INFO - Included router: routers.user_subscriptions.router
2026-07-27 16:30:11,886 - main - INFO - Included router: routers.webhook_events.router
2026-07-27 16:30:11,887 - main - INFO - === Application startup initiated ===
2026-07-27 16:30:11,887 - services.database - INFO - Ignore creating tables
2026-07-27 16:30:11,887 - services.mock_data - INFO - Ignore initialize data
2026-07-27 16:30:11,888 - services.auth - INFO - Ignore initialize admin
2026-07-27 16:30:11,888 - main - INFO - === Application startup completed successfully ===
2026-07-27 16:30:11,989 - services.database - INFO - Database connections closed
