2026-07-27 16:23:04,281 - main - INFO - === Logging system initialized ===
2026-07-27 16:23:04,282 - main - INFO - Log file: logs/app_20260727_162304.log
2026-07-27 16:23:04,282 - main - INFO - Log level: INFO
2026-07-27 16:23:04,282 - main - INFO - Timestamp: 20260727_162304
2026-07-27 16:23:04,407 - main - INFO - Included router: routers.activity_logs.router
2026-07-27 16:23:04,429 - main - INFO - Included router: routers.admin_users.router
2026-07-27 16:23:05,890 - main - INFO - Included router: routers.aihub.router
2026-07-27 16:23:05,899 - main - INFO - Included router: routers.auth.router
2026-07-27 16:23:05,935 - main - INFO - Included router: routers.chat_messages.router
2026-07-27 16:23:05,948 - main - INFO - Included router: routers.client_register.router
2026-07-27 16:23:05,978 - main - INFO - Included router: routers.client_subscriptions.router
2026-07-27 16:23:06,003 - main - INFO - Included router: routers.clients.router
2026-07-27 16:23:06,068 - main - INFO - Included router: routers.coupon_analytics.router
2026-07-27 16:23:06,103 - main - INFO - Included router: routers.coupon_usages.router
2026-07-27 16:23:06,304 - main - INFO - Included router: routers.coupons.router
2026-07-27 16:23:06,341 - main - INFO - Included router: routers.customers.router
2026-07-27 16:23:06,369 - main - INFO - Included router: routers.email_notifications.router
2026-07-27 16:23:06,407 - main - INFO - Included router: routers.email_settings.router
2026-07-27 16:23:06,445 - main - INFO - Included router: routers.gateway_audit_logs.router
2026-07-27 16:23:06,459 - main - INFO - Included router: routers.gateway_test.router
2026-07-27 16:23:06,460 - main - INFO - Included router: routers.health.router
2026-07-27 16:23:06,491 - main - INFO - Included router: routers.invoices.router
2026-07-27 16:23:06,511 - main - INFO - Included router: routers.moyasar_payment.router
2026-07-27 16:23:06,537 - main - INFO - Included router: routers.notifications.router
2026-07-27 16:23:06,564 - main - INFO - Included router: routers.ocr.router
2026-07-27 16:23:06,602 - main - INFO - Included router: routers.packages.router
2026-07-27 16:23:06,613 - main - INFO - Included router: routers.packages_public.router
2026-07-27 16:23:06,664 - main - INFO - Included router: routers.payment_gateway_settings.router
2026-07-27 16:23:06,702 - main - INFO - Included router: routers.payment_transactions.router
2026-07-27 16:23:07,138 - main - INFO - Included router: routers.plans.router
2026-07-27 16:23:07,158 - routers.salmo - INFO - Loaded labor law KB: 279578 chars
2026-07-27 16:23:07,160 - routers.salmo - INFO - Loaded law articles index: 189 articles
2026-07-27 16:23:07,161 - routers.salmo - INFO - Loaded company policy index: 73 articles (total index now 262)
2026-07-27 16:23:07,176 - main - INFO - Included router: routers.salmo.router
2026-07-27 16:23:07,186 - main - INFO - Included router: routers.settings.router
2026-07-27 16:23:07,232 - main - INFO - Included router: routers.site_users.router
2026-07-27 16:23:07,258 - main - INFO - Included router: routers.storage.router
2026-07-27 16:23:07,287 - main - INFO - Included router: routers.subscriptions.router
2026-07-27 16:23:07,314 - main - INFO - Included router: routers.ticket_messages.router
2026-07-27 16:23:07,433 - main - INFO - Included router: routers.tickets.router
2026-07-27 16:23:07,443 - main - INFO - Included router: routers.user.router
2026-07-27 16:23:07,468 - main - INFO - Included router: routers.user_daily_quota.router
2026-07-27 16:23:07,502 - main - INFO - Included router: routers.user_subscriptions.router
2026-07-27 16:23:07,532 - main - INFO - Included router: routers.webhook_events.router
2026-07-27 16:23:07,533 - main - INFO - === Application startup initiated ===
2026-07-27 16:23:07,533 - services.database - INFO - Ignore creating tables
2026-07-27 16:23:07,533 - services.mock_data - INFO - Ignore initialize data
2026-07-27 16:23:07,534 - services.auth - INFO - Ignore initialize admin
2026-07-27 16:23:07,534 - main - INFO - === Application startup completed successfully ===
