2026-07-27 15:42:12,416 - main - INFO - === Logging system initialized ===
2026-07-27 15:42:12,416 - main - INFO - Log file: logs/app_20260727_154212.log
2026-07-27 15:42:12,416 - main - INFO - Log level: INFO
2026-07-27 15:42:12,416 - main - INFO - Timestamp: 20260727_154212
2026-07-27 15:42:13,621 - main - INFO - Included router: routers.activity_logs.router
2026-07-27 15:42:14,466 - main - INFO - Included router: routers.admin_users.router
2026-07-27 15:42:17,135 - main - INFO - Included router: routers.aihub.router
2026-07-27 15:42:17,176 - main - INFO - Included router: routers.auth.router
2026-07-27 15:42:18,211 - main - INFO - Included router: routers.chat_messages.router
2026-07-27 15:42:18,302 - main - INFO - Included router: routers.client_register.router
2026-07-27 15:42:18,381 - main - INFO - Included router: routers.client_subscriptions.router
2026-07-27 15:42:18,483 - main - INFO - Included router: routers.clients.router
2026-07-27 15:42:18,905 - main - INFO - Included router: routers.coupon_analytics.router
2026-07-27 15:42:18,997 - main - INFO - Included router: routers.coupon_usages.router
2026-07-27 15:42:19,282 - main - INFO - Included router: routers.coupons.router
2026-07-27 15:42:19,656 - main - INFO - Included router: routers.customers.router
2026-07-27 15:42:19,743 - main - INFO - Included router: routers.email_notifications.router
2026-07-27 15:42:19,907 - main - INFO - Included router: routers.email_settings.router
2026-07-27 15:42:20,116 - main - INFO - Included router: routers.gateway_audit_logs.router
2026-07-27 15:42:20,263 - main - INFO - Included router: routers.gateway_test.router
2026-07-27 15:42:20,312 - main - INFO - Included router: routers.health.router
2026-07-27 15:42:20,401 - main - INFO - Included router: routers.invoices.router
2026-07-27 15:42:20,598 - main - INFO - Included router: routers.moyasar_payment.router
2026-07-27 15:42:20,674 - main - INFO - Included router: routers.notifications.router
2026-07-27 15:42:20,794 - main - INFO - Included router: routers.ocr.router
2026-07-27 15:42:20,886 - main - INFO - Included router: routers.packages.router
2026-07-27 15:42:20,925 - main - INFO - Included router: routers.packages_public.router
2026-07-27 15:42:21,039 - main - INFO - Included router: routers.payment_gateway_settings.router
2026-07-27 15:42:21,193 - main - INFO - Included router: routers.payment_transactions.router
2026-07-27 15:42:21,540 - main - INFO - Included router: routers.plans.router
2026-07-27 15:42:21,792 - routers.salmo - INFO - Loaded labor law KB: 279578 chars
2026-07-27 15:42:21,839 - routers.salmo - INFO - Loaded law articles index: 189 articles
2026-07-27 15:42:21,864 - routers.salmo - INFO - Loaded company policy index: 73 articles (total index now 262)
2026-07-27 15:42:21,881 - main - INFO - Included router: routers.salmo.router
2026-07-27 15:42:21,947 - main - INFO - Included router: routers.settings.router
2026-07-27 15:42:22,017 - main - INFO - Included router: routers.site_users.router
2026-07-27 15:42:22,183 - main - INFO - Included router: routers.storage.router
2026-07-27 15:42:22,273 - main - INFO - Included router: routers.subscriptions.router
2026-07-27 15:42:22,488 - main - INFO - Included router: routers.ticket_messages.router
2026-07-27 15:42:22,806 - main - INFO - Included router: routers.tickets.router
2026-07-27 15:42:22,983 - main - INFO - Included router: routers.user.router
2026-07-27 15:42:23,167 - main - INFO - Included router: routers.user_daily_quota.router
2026-07-27 15:42:23,267 - main - INFO - Included router: routers.user_subscriptions.router
2026-07-27 15:42:23,401 - main - INFO - Included router: routers.webhook_events.router
2026-07-27 15:42:23,402 - main - INFO - === Application startup initiated ===
2026-07-27 15:42:23,403 - services.database - INFO - Ignore creating tables
2026-07-27 15:42:23,403 - services.mock_data - INFO - Ignore initialize data
2026-07-27 15:42:23,403 - services.auth - INFO - Ignore initialize admin
2026-07-27 15:42:23,403 - main - INFO - === Application startup completed successfully ===
2026-07-27 16:01:57,865 - services.database - INFO - Database connections closed
