2026-07-27 16:02:14,328 - main - INFO - === Logging system initialized ===
2026-07-27 16:02:14,328 - main - INFO - Log file: logs/app_20260727_160214.log
2026-07-27 16:02:14,328 - main - INFO - Log level: INFO
2026-07-27 16:02:14,329 - main - INFO - Timestamp: 20260727_160214
2026-07-27 16:02:14,467 - main - INFO - Included router: routers.activity_logs.router
2026-07-27 16:02:14,490 - main - INFO - Included router: routers.admin_users.router
2026-07-27 16:02:15,788 - main - INFO - Included router: routers.aihub.router
2026-07-27 16:02:15,797 - main - INFO - Included router: routers.auth.router
2026-07-27 16:02:15,833 - main - INFO - Included router: routers.chat_messages.router
2026-07-27 16:02:15,847 - main - INFO - Included router: routers.client_register.router
2026-07-27 16:02:15,884 - main - INFO - Included router: routers.client_subscriptions.router
2026-07-27 16:02:15,911 - main - INFO - Included router: routers.clients.router
2026-07-27 16:02:15,924 - main - INFO - Included router: routers.coupon_analytics.router
2026-07-27 16:02:15,956 - main - INFO - Included router: routers.coupon_usages.router
2026-07-27 16:02:16,140 - main - INFO - Included router: routers.coupons.router
2026-07-27 16:02:16,191 - main - INFO - Included router: routers.customers.router
2026-07-27 16:02:16,215 - main - INFO - Included router: routers.email_notifications.router
2026-07-27 16:02:16,245 - main - INFO - Included router: routers.email_settings.router
2026-07-27 16:02:16,274 - main - INFO - Included router: routers.gateway_audit_logs.router
2026-07-27 16:02:16,282 - main - INFO - Included router: routers.gateway_test.router
2026-07-27 16:02:16,284 - main - INFO - Included router: routers.health.router
2026-07-27 16:02:16,318 - main - INFO - Included router: routers.invoices.router
2026-07-27 16:02:16,338 - main - INFO - Included router: routers.moyasar_payment.router
2026-07-27 16:02:16,365 - main - INFO - Included router: routers.notifications.router
2026-07-27 16:02:16,394 - main - INFO - Included router: routers.ocr.router
2026-07-27 16:02:16,433 - main - INFO - Included router: routers.packages.router
2026-07-27 16:02:16,441 - main - INFO - Included router: routers.packages_public.router
2026-07-27 16:02:16,482 - main - INFO - Included router: routers.payment_gateway_settings.router
2026-07-27 16:02:16,519 - main - INFO - Included router: routers.payment_transactions.router
2026-07-27 16:02:16,562 - main - INFO - Included router: routers.plans.router
2026-07-27 16:02:16,584 - routers.salmo - INFO - Loaded labor law KB: 279578 chars
2026-07-27 16:02:16,587 - routers.salmo - INFO - Loaded law articles index: 189 articles
2026-07-27 16:02:16,589 - routers.salmo - INFO - Loaded company policy index: 73 articles (total index now 262)
2026-07-27 16:02:16,603 - main - INFO - Included router: routers.salmo.router
2026-07-27 16:02:16,617 - main - INFO - Included router: routers.settings.router
2026-07-27 16:02:16,643 - main - INFO - Included router: routers.site_users.router
2026-07-27 16:02:16,668 - main - INFO - Included router: routers.storage.router
2026-07-27 16:02:16,698 - main - INFO - Included router: routers.subscriptions.router
2026-07-27 16:02:16,725 - main - INFO - Included router: routers.ticket_messages.router
2026-07-27 16:02:16,846 - main - INFO - Included router: routers.tickets.router
2026-07-27 16:02:16,857 - main - INFO - Included router: routers.user.router
2026-07-27 16:02:16,881 - main - INFO - Included router: routers.user_daily_quota.router
2026-07-27 16:02:16,916 - main - INFO - Included router: routers.user_subscriptions.router
2026-07-27 16:02:16,948 - main - INFO - Included router: routers.webhook_events.router
2026-07-27 16:02:16,949 - main - INFO - === Application startup initiated ===
2026-07-27 16:02:16,949 - services.database - INFO - Ignore creating tables
2026-07-27 16:02:16,950 - services.mock_data - INFO - Ignore initialize data
2026-07-27 16:02:16,950 - services.auth - INFO - Ignore initialize admin
2026-07-27 16:02:16,950 - main - INFO - === Application startup completed successfully ===
2026-07-27 16:04:39,264 - services.database - INFO - Database connections closed
