2026-07-27 15:06:18,253 - main - INFO - === Logging system initialized ===
2026-07-27 15:06:18,254 - main - INFO - Log file: logs/app_20260727_150618.log
2026-07-27 15:06:18,254 - main - INFO - Log level: INFO
2026-07-27 15:06:18,254 - main - INFO - Timestamp: 20260727_150618
2026-07-27 15:06:18,770 - main - INFO - Included router: routers.activity_logs.router
2026-07-27 15:06:19,231 - main - INFO - Included router: routers.admin_users.router
2026-07-27 15:06:21,655 - main - INFO - Included router: routers.aihub.router
2026-07-27 15:06:21,767 - main - INFO - Included router: routers.auth.router
2026-07-27 15:06:21,879 - main - INFO - Included router: routers.chat_messages.router
2026-07-27 15:06:21,967 - main - INFO - Included router: routers.client_register.router
2026-07-27 15:06:22,100 - main - INFO - Included router: routers.client_subscriptions.router
2026-07-27 15:06:22,176 - main - INFO - Included router: routers.clients.router
2026-07-27 15:06:22,286 - main - INFO - Included router: routers.coupon_analytics.router
2026-07-27 15:06:22,457 - main - INFO - Included router: routers.coupon_usages.router
2026-07-27 15:06:22,831 - main - INFO - Included router: routers.coupons.router
2026-07-27 15:06:22,956 - main - INFO - Included router: routers.customers.router
2026-07-27 15:06:23,115 - main - INFO - Included router: routers.email_notifications.router
2026-07-27 15:06:23,347 - main - INFO - Included router: routers.email_settings.router
2026-07-27 15:06:23,596 - main - INFO - Included router: routers.gateway_audit_logs.router
2026-07-27 15:06:23,919 - main - INFO - Included router: routers.gateway_test.router
2026-07-27 15:06:23,996 - main - INFO - Included router: routers.health.router
2026-07-27 15:06:24,131 - main - INFO - Included router: routers.invoices.router
2026-07-27 15:06:24,347 - main - INFO - Included router: routers.moyasar_payment.router
2026-07-27 15:06:24,600 - main - INFO - Included router: routers.notifications.router
2026-07-27 15:06:24,754 - main - INFO - Included router: routers.ocr.router
2026-07-27 15:06:24,939 - main - INFO - Included router: routers.packages.router
2026-07-27 15:06:25,008 - main - INFO - Included router: routers.packages_public.router
2026-07-27 15:06:25,227 - main - INFO - Included router: routers.payment_gateway_settings.router
2026-07-27 15:06:25,448 - main - INFO - Included router: routers.payment_transactions.router
2026-07-27 15:06:25,654 - main - INFO - Included router: routers.plans.router
2026-07-27 15:06:25,836 - routers.salmo - INFO - Loaded labor law KB: 279578 chars
2026-07-27 15:06:25,881 - routers.salmo - INFO - Loaded law articles index: 189 articles
2026-07-27 15:06:25,907 - routers.salmo - INFO - Loaded company policy index: 73 articles (total index now 262)
2026-07-27 15:06:25,922 - main - INFO - Included router: routers.salmo.router
2026-07-27 15:06:25,969 - main - INFO - Included router: routers.settings.router
2026-07-27 15:06:26,042 - main - INFO - Included router: routers.site_users.router
2026-07-27 15:06:26,359 - main - INFO - Included router: routers.storage.router
2026-07-27 15:06:26,633 - main - INFO - Included router: routers.subscriptions.router
2026-07-27 15:06:26,772 - main - INFO - Included router: routers.ticket_messages.router
2026-07-27 15:06:27,108 - main - INFO - Included router: routers.tickets.router
2026-07-27 15:06:27,256 - main - INFO - Included router: routers.user.router
2026-07-27 15:06:27,407 - main - INFO - Included router: routers.user_daily_quota.router
2026-07-27 15:06:27,507 - main - INFO - Included router: routers.user_subscriptions.router
2026-07-27 15:06:27,684 - main - INFO - Included router: routers.webhook_events.router
2026-07-27 15:06:27,685 - main - INFO - === Application startup initiated ===
2026-07-27 15:06:27,686 - services.database - INFO - Ignore creating tables
2026-07-27 15:06:27,687 - services.mock_data - INFO - Ignore initialize data
2026-07-27 15:06:27,687 - services.auth - INFO - Ignore initialize admin
2026-07-27 15:06:27,687 - main - INFO - === Application startup completed successfully ===
2026-07-27 15:15:56,888 - services.database - INFO - Database connections closed
