2026-07-27 16:40:22,418 - main - INFO - === Logging system initialized ===
2026-07-27 16:40:22,418 - main - INFO - Log file: logs/app_20260727_164022.log
2026-07-27 16:40:22,418 - main - INFO - Log level: INFO
2026-07-27 16:40:22,418 - main - INFO - Timestamp: 20260727_164022
2026-07-27 16:40:22,546 - main - INFO - Included router: routers.activity_logs.router
2026-07-27 16:40:22,572 - main - INFO - Included router: routers.admin_users.router
2026-07-27 16:40:24,108 - main - INFO - Included router: routers.aihub.router
2026-07-27 16:40:24,117 - main - INFO - Included router: routers.auth.router
2026-07-27 16:40:24,153 - main - INFO - Included router: routers.chat_messages.router
2026-07-27 16:40:24,167 - main - INFO - Included router: routers.client_register.router
2026-07-27 16:40:24,200 - main - INFO - Included router: routers.client_subscriptions.router
2026-07-27 16:40:24,230 - main - INFO - Included router: routers.clients.router
2026-07-27 16:40:24,243 - main - INFO - Included router: routers.coupon_analytics.router
2026-07-27 16:40:24,272 - main - INFO - Included router: routers.coupon_usages.router
2026-07-27 16:40:24,461 - main - INFO - Included router: routers.coupons.router
2026-07-27 16:40:24,494 - main - INFO - Included router: routers.customers.router
2026-07-27 16:40:24,524 - main - INFO - Included router: routers.email_notifications.router
2026-07-27 16:40:24,552 - main - INFO - Included router: routers.email_settings.router
2026-07-27 16:40:24,586 - main - INFO - Included router: routers.gateway_audit_logs.router
2026-07-27 16:40:24,595 - main - INFO - Included router: routers.gateway_test.router
2026-07-27 16:40:24,596 - main - INFO - Included router: routers.health.router
2026-07-27 16:40:24,629 - main - INFO - Included router: routers.invoices.router
2026-07-27 16:40:24,647 - main - INFO - Included router: routers.moyasar_payment.router
2026-07-27 16:40:24,671 - main - INFO - Included router: routers.notifications.router
2026-07-27 16:40:24,695 - main - INFO - Included router: routers.ocr.router
2026-07-27 16:40:24,724 - main - INFO - Included router: routers.packages.router
2026-07-27 16:40:24,729 - main - INFO - Included router: routers.packages_public.router
2026-07-27 16:40:24,763 - main - INFO - Included router: routers.payment_gateway_settings.router
2026-07-27 16:40:24,797 - main - INFO - Included router: routers.payment_transactions.router
2026-07-27 16:40:24,841 - main - INFO - Included router: routers.plans.router
2026-07-27 16:40:24,872 - routers.salmo - INFO - Loaded labor law KB: 279578 chars
2026-07-27 16:40:24,875 - routers.salmo - INFO - Loaded law articles index: 189 articles
2026-07-27 16:40:24,877 - routers.salmo - INFO - Loaded company policy index: 73 articles (total index now 262)
2026-07-27 16:40:24,894 - main - INFO - Included router: routers.salmo.router
2026-07-27 16:40:24,909 - main - INFO - Included router: routers.settings.router
2026-07-27 16:40:24,939 - main - INFO - Included router: routers.site_users.router
2026-07-27 16:40:24,970 - main - INFO - Included router: routers.storage.router
2026-07-27 16:40:25,004 - main - INFO - Included router: routers.subscriptions.router
2026-07-27 16:40:25,074 - main - INFO - Included router: routers.ticket_messages.router
2026-07-27 16:40:25,199 - main - INFO - Included router: routers.tickets.router
2026-07-27 16:40:25,216 - main - INFO - Included router: routers.user.router
2026-07-27 16:40:25,239 - main - INFO - Included router: routers.user_daily_quota.router
2026-07-27 16:40:25,269 - main - INFO - Included router: routers.user_subscriptions.router
2026-07-27 16:40:25,296 - main - INFO - Included router: routers.webhook_events.router
2026-07-27 16:40:25,297 - main - INFO - === Application startup initiated ===
2026-07-27 16:40:25,298 - services.database - INFO - Ignore creating tables
2026-07-27 16:40:25,298 - services.mock_data - INFO - Ignore initialize data
2026-07-27 16:40:25,298 - services.auth - INFO - Ignore initialize admin
2026-07-27 16:40:25,298 - main - INFO - === Application startup completed successfully ===
